// Jest Snapshot v1, https://goo.gl/fbAQLP

exports[`Sandbox/MyButton Basic smoke-test 1`] = `
<div class="css-view-175oi2r"
     style="padding: 16px;"
>
  <div tabindex="0"
       class="css-view-175oi2r r-transitionProperty-1i6wzkk r-userSelect-lrvibr r-cursor-1loqt21 r-touchAction-1otgn73 r-alignSelf-k200y r-backgroundColor-aot4c7 r-borderRadius-1xfd6ze r-paddingBlock-11f147o r-paddingInline-1fkl15p"
       style="transition-duration: 0s;"
  >
    <div dir="auto"
         class="css-text-146c3p1 r-color-jwli3a r-fontSize-ubezar r-fontWeight-vw2c0b"
    >
      Hello world
    </div>
  </div>
</div>
`;
