// Jest Snapshot v1, https://goo.gl/fbAQLP

exports[`Icons/IconCircleAddOutline Default smoke-test 1`] = `
<div class="css-view-175oi2r"
     style="padding: 16px;"
>
  <svg width="24"
       height="24"
       viewbox="0 0 24 24"
       fill="none"
       aria-label="IcÃ´ne ajouter"
       role="img"
  >
    <g clip-path="url(#clip0_19238_203083)">
      <path d="M12 0a12 12 0 1012 12A12.013 12.013 0 0012 0zm0 22a10 10 0 1110-10 10.011 10.011 0 01-10 10zm5-10a1 1 0 01-1 1h-3v3a1 1 0 01-2 0v-3H8a1 1 0 010-2h3V8a1 1 0 012 0v3h3a1 1 0 011 1z"
            fill="#000000"
      >
      </path>
    </g>
  </svg>
</div>
`;
