// Jest Snapshot v1, https://goo.gl/fbAQLP

exports[`Icons/IconCircleDeleteSolid Default smoke-test 1`] = `
<div class="css-view-175oi2r"
     style="padding: 16px;"
>
  <svg width="24"
       height="24"
       viewbox="0 0 24 24"
       fill="none"
       aria-label="IcÃ´ne supprimer"
       role="img"
  >
    <g clip-path="url(#clip0_10323_55129)">
      <path d="M12 0a12 12 0 1012 12A12.013 12.013 0 0012 0z"
            fill="#000000"
      >
      </path>
      <path d="M15.828 9.172a1 1 0 00-1.707-.708L12 10.586 9.878 8.464A1 1 0 108.464 9.88L10.586 12l-2.122 2.121a1 1 0 001.414 1.415L12 13.414l2.121 2.122a1 1 0 101.414-1.415L13.414 12l2.121-2.121a1 1 0 00.293-.707z"
            fill="#FFFFFF"
      >
      </path>
    </g>
  </svg>
</div>
`;
